---
source: vm/src/memory.rs
expression: memory
snapshot_kind: text
---
code: !
stack: c100
100: n42 c104 <- stack
102: c104 c104
104: n0 n0
