---
source: vm/src/memory.rs
expression: memory
snapshot_kind: text
---
code: !
stack: c100
100: n2 c104 <- stack
102: c106 c106
104: n1 c106
106: n0 n0
