---
source: vm/src/memory.rs
expression: memory
snapshot_kind: text
---
code: !
stack: !
00: n0 n0
02: c0 c0
04: n1 c0
