---
source: vm/src/memory.rs
expression: memory
snapshot_kind: text
---
code: !
stack: !
100: c102 c102
102: n0 n0
